// Jest Snapshot v1, https://goo.gl/fbAQLP

exports[`icon store | reducer iconSets 1`] = `
Object {
  "iconSets": Object {
    "example/theme": Object {
      "icons": Array [
        Object {
          "label": "Search",
          "name": "search",
          "source": "test-string",
        },
      ],
      "label": "Example",
      "name": "example/theme",
    },
  },
}
`;
